13:37:28 cap=4096 status=PENDING progress=None
13:38:30 cap=4096 status=PENDING progress=None
13:39:31 cap=4096 status=PENDING progress=None
13:40:33 cap=4096 status=IN_PROGRESS progress=None
13:41:34 cap=4096 status=IN_PROGRESS progress=None
13:42:36 cap=4096 status=IN_PROGRESS progress=0
13:43:38 cap=4096 status=IN_PROGRESS progress=7
13:44:39 cap=4096 status=IN_PROGRESS progress=15
13:45:41 cap=4096 status=IN_PROGRESS progress=21
13:46:42 cap=4096 status=IN_PROGRESS progress=21
13:47:44 cap=4096 status=IN_PROGRESS progress=31
13:48:45 cap=4096 status=IN_PROGRESS progress=36
13:49:47 cap=4096 status=IN_PROGRESS progress=41
13:50:49 cap=4096 status=IN_PROGRESS progress=41
13:51:50 cap=4096 status=IN_PROGRESS progress=47
13:52:52 cap=4096 status=IN_PROGRESS progress=51
13:53:53 cap=4096 status=IN_PROGRESS progress=54
13:54:55 cap=4096 status=IN_PROGRESS progress=54
13:55:56 cap=4096 status=IN_PROGRESS progress=59
13:56:58 cap=4096 status=PAUSED progress=59
13:57:59 cap=4096 status=PAUSED progress=63
13:59:01 cap=4096 status=PAUSED progress=62
14:00:03 cap=4096 status=PAUSED progress=62
14:01:04 cap=4096 status=PAUSED progress=64
14:02:06 cap=4096 status=PAUSED progress=63
14:03:07 cap=4096 status=PAUSED progress=63
14:04:09 cap=4096 status=PAUSED progress=63
14:05:10 cap=4096 status=PAUSED progress=65
14:06:12 cap=4096 status=PAUSED progress=64
14:07:13 cap=4096 status=PAUSED progress=64
14:08:15 cap=4096 status=PAUSED progress=64
14:09:16 cap=4096 status=PAUSED progress=64
14:10:18 cap=4096 status=PAUSED progress=65
14:11:20 cap=4096 status=PAUSED progress=64
14:12:21 cap=4096 status=PAUSED progress=64
14:13:23 cap=4096 status=PAUSED progress=64
14:14:24 cap=4096 status=PAUSED progress=64
14:15:26 cap=4096 status=PAUSED progress=65
14:16:27 cap=4096 status=PAUSED progress=65
14:17:29 cap=4096 status=PAUSED progress=65
14:18:31 cap=4096 status=PAUSED progress=65
14:19:32 cap=4096 status=PAUSED progress=65
14:20:34 cap=4096 status=PAUSED progress=65
14:21:35 cap=4096 status=PAUSED progress=66
14:22:37 cap=4096 status=PAUSED progress=66
14:23:38 cap=4096 status=PAUSED progress=66
14:24:40 cap=4096 status=PAUSED progress=66
14:25:41 cap=4096 status=PAUSED progress=66
14:26:43 cap=4096 status=IN_PROGRESS progress=67
14:27:45 cap=4096 status=IN_PROGRESS progress=67
14:28:46 cap=4096 status=IN_PROGRESS progress=67
14:29:48 cap=4096 status=IN_PROGRESS progress=67
14:30:49 cap=4096 status=IN_PROGRESS progress=72
14:31:51 cap=4096 status=IN_PROGRESS progress=74
14:32:52 cap=4096 status=IN_PROGRESS progress=74
14:33:54 cap=4096 status=IN_PROGRESS progress=77
14:34:56 cap=4096 status=IN_PROGRESS progress=83
14:35:57 cap=4096 status=IN_PROGRESS progress=87
14:36:59 cap=4096 status=IN_PROGRESS progress=87
14:38:00 cap=4096 status=COMPLETING progress=100
14:39:02 cap=2048 status=COMPLETING progress=100
14:39:02 === SHRINK DONE cap=2048 ===
