[Sat Aug  1 04:20:02 2026] systemd[1]: Mounting sys-fs-fuse-connections.mount - FUSE Control File System...
[Sat Aug  1 04:20:02 2026] systemd[1]: Mounted sys-fs-fuse-connections.mount - FUSE Control File System.
[Sat Aug  1 04:29:27 2026] Lustre: Lustre: Build Version: 2.15.6
[Sat Aug  1 04:29:27 2026] Lustre: zmuqnb4v: nosquash_nids is cleared
[Sat Aug  1 04:29:27 2026] Lustre: zmuqnb4v: root_squash is set to 0:0
[Sat Aug  1 04:29:28 2026] Lustre: Mounted zmuqnb4v-client
[Sat Aug  1 10:20:41 2026] LustreError: 11-0: zmuqnb4v-OST0002-osc-xxxx: operation ost_read to node <OST-IP>@tcp failed: rc = -19
[Sat Aug  1 10:20:41 2026] Lustre: zmuqnb4v-OST0002-osc-xxxx: Connection to zmuqnb4v-OST0002 (at <OST-IP>@tcp) was lost; in progress operations using this service will wait for recovery to complete
===WATCHLOG===
[2026-08-01T10:20:16Z] ===== 变配监控启动 (125->250) =====
[2026-08-01T10:20:16Z] fio_procs=17 ost=[zmuqnb4v-OST0000_UUID	FULL zmuqnb4v-OST0001_UUID	FULL zmuqnb4v-OST0002_UUID	FULL zmuqnb4v-OST0003_UUID	FULL ] io_err=[RW_FAIL ]
[2026-08-01T10:20:36Z] fio_procs=17 ost=[zmuqnb4v-OST0000_UUID	FULL zmuqnb4v-OST0001_UUID	FULL zmuqnb4v-OST0002_UUID	FULL zmuqnb4v-OST0003_UUID	FULL ] io_err=[RW_FAIL ]
[2026-08-01T10:20:56Z] fio_procs=17 ost=[zmuqnb4v-OST0000_UUID	CONNECTING zmuqnb4v-OST0001_UUID	CONNECTING zmuqnb4v-OST0002_UUID	CONNECTING zmuqnb4v-OST0003_UUID	CONNECTING ] io_err=[RW_FAIL ]
[2026-08-01T10:20:56Z] !!OST状态异常!! zmuqnb4v-OST0000_UUID	CONNECTING zmuqnb4v-OST0001_UUID	CONNECTING zmuqnb4v-OST0002_UUID	CONNECTING zmuqnb4v-OST0003_UUID	CONNECTING 
[2026-08-01T10:21:16Z] fio_procs=17 ost=[zmuqnb4v-OST0000_UUID	CONNECTING zmuqnb4v-OST0001_UUID	CONNECTING zmuqnb4v-OST0002_UUID	CONNECTING zmuqnb4v-OST0003_UUID	CONNECTING ] io_err=[RW_FAIL ]
[2026-08-01T10:21:16Z] !!OST状态异常!! zmuqnb4v-OST0000_UUID	CONNECTING zmuqnb4v-OST0001_UUID	CONNECTING zmuqnb4v-OST0002_UUID	CONNECTING zmuqnb4v-OST0003_UUID	CONNECTING 
[2026-08-01T10:21:36Z] fio_procs=17 ost=[zmuqnb4v-OST0000_UUID	CONNECTING zmuqnb4v-OST0001_UUID	CONNECTING zmuqnb4v-OST0002_UUID	CONNECTING zmuqnb4v-OST0003_UUID	CONNECTING ] io_err=[RW_FAIL ]
[2026-08-01T10:21:36Z] !!OST状态异常!! zmuqnb4v-OST0000_UUID	CONNECTING zmuqnb4v-OST0001_UUID	CONNECTING zmuqnb4v-OST0002_UUID	CONNECTING zmuqnb4v-OST0003_UUID	CONNECTING 
[2026-08-01T10:21:56Z] fio_procs=17 ost=[zmuqnb4v-OST0000_UUID	DISCONN zmuqnb4v-OST0001_UUID	DISCONN zmuqnb4v-OST0002_UUID	CONNECTING zmuqnb4v-OST0003_UUID	CONNECTING ] io_err=[RW_FAIL ]
[2026-08-01T10:21:56Z] !!OST状态异常!! zmuqnb4v-OST0000_UUID	DISCONN zmuqnb4v-OST0001_UUID	DISCONN zmuqnb4v-OST0002_UUID	CONNECTING zmuqnb4v-OST0003_UUID	CONNECTING 
[2026-08-01T10:22:16Z] fio_procs=17 ost=[zmuqnb4v-OST0000_UUID	CONNECTING zmuqnb4v-OST0001_UUID	CONNECTING zmuqnb4v-OST0002_UUID	CONNECTING zmuqnb4v-OST0003_UUID	CONNECTING ] io_err=[RW_FAIL ]
[2026-08-01T10:22:16Z] !!OST状态异常!! zmuqnb4v-OST0000_UUID	CONNECTING zmuqnb4v-OST0001_UUID	CONNECTING zmuqnb4v-OST0002_UUID	CONNECTING zmuqnb4v-OST0003_UUID	CONNECTING 
[2026-08-01T10:22:37Z] fio_procs=17 ost=[zmuqnb4v-OST0000_UUID	CONNECTING zmuqnb4v-OST0001_UUID	CONNECTING zmuqnb4v-OST0002_UUID	FULL zmuqnb4v-OST0003_UUID	FULL ] io_err=[RW_FAIL ]
[2026-08-01T10:22:37Z] !!OST状态异常!! zmuqnb4v-OST0000_UUID	CONNECTING zmuqnb4v-OST0001_UUID	CONNECTING zmuqnb4v-OST0002_UUID	FULL zmuqnb4v-OST0003_UUID	FULL 
[2026-08-01T10:22:57Z] fio_procs=1 ost=[zmuqnb4v-OST0000_UUID	FULL zmuqnb4v-OST0001_UUID	FULL zmuqnb4v-OST0002_UUID	FULL zmuqnb4v-OST0003_UUID	FULL ] io_err=[RW_FAIL ]
[2026-08-01T10:23:17Z] fio_procs=1 ost=[zmuqnb4v-OST0000_UUID	FULL zmuqnb4v-OST0001_UUID	FULL zmuqnb4v-OST0002_UUID	FULL zmuqnb4v-OST0003_UUID	FULL ] io_err=[RW_FAIL ]
[2026-08-01T10:23:37Z] fio_procs=1 ost=[zmuqnb4v-OST0000_UUID	FULL zmuqnb4v-OST0001_UUID	FULL zmuqnb4v-OST0002_UUID	FULL zmuqnb4v-OST0003_UUID	FULL ] io_err=[RW_FAIL ]
[2026-08-01T10:23:57Z] fio_procs=17 ost=[zmuqnb4v-OST0000_UUID	FULL zmuqnb4v-OST0001_UUID	FULL zmuqnb4v-OST0002_UUID	FULL zmuqnb4v-OST0003_UUID	FULL ] io_err=[RW_FAIL ]
[2026-08-01T10:24:17Z] fio_procs=17 ost=[zmuqnb4v-OST0000_UUID	FULL zmuqnb4v-OST0001_UUID	FULL zmuqnb4v-OST0002_UUID	FULL zmuqnb4v-OST0003_UUID	FULL ] io_err=[RW_FAIL ]
[2026-08-01T10:24:37Z] fio_procs=17 ost=[zmuqnb4v-OST0000_UUID	FULL zmuqnb4v-OST0001_UUID	FULL zmuqnb4v-OST0002_UUID	FULL zmuqnb4v-OST0003_UUID	FULL ] io_err=[RW_FAIL ]
[2026-08-01T10:24:57Z] fio_procs=17 ost=[zmuqnb4v-OST0000_UUID	FULL zmuqnb4v-OST0001_UUID	FULL zmuqnb4v-OST0002_UUID	FULL zmuqnb4v-OST0003_UUID	FULL ] io_err=[RW_FAIL ]
[2026-08-01T10:25:17Z] fio_procs=17 ost=[zmuqnb4v-OST0000_UUID	FULL zmuqnb4v-OST0001_UUID	FULL zmuqnb4v-OST0002_UUID	FULL zmuqnb4v-OST0003_UUID	FULL ] io_err=[RW_FAIL ]
[2026-08-01T10:25:37Z] fio_procs=17 ost=[zmuqnb4v-OST0000_UUID	FULL zmuqnb4v-OST0001_UUID	FULL zmuqnb4v-OST0002_UUID	FULL zmuqnb4v-OST0003_UUID	FULL ] io_err=[RW_FAIL ]
[2026-08-01T10:25:57Z] fio_procs=17 ost=[zmuqnb4v-OST0000_UUID	FULL zmuqnb4v-OST0001_UUID	FULL zmuqnb4v-OST0002_UUID	FULL zmuqnb4v-OST0003_UUID	FULL ] io_err=[RW_FAIL ]
[2026-08-01T10:26:17Z] fio_procs=17 ost=[zmuqnb4v-OST0000_UUID	FULL zmuqnb4v-OST0001_UUID	FULL zmuqnb4v-OST0002_UUID	FULL zmuqnb4v-OST0003_UUID	FULL ] io_err=[RW_FAIL ]
[2026-08-01T10:26:37Z] fio_procs=17 ost=[zmuqnb4v-OST0000_UUID	FULL zmuqnb4v-OST0001_UUID	FULL zmuqnb4v-OST0002_UUID	FULL zmuqnb4v-OST0003_UUID	FULL ] io_err=[RW_FAIL ]
[2026-08-01T10:26:57Z] fio_procs=17 ost=[zmuqnb4v-OST0000_UUID	FULL zmuqnb4v-OST0001_UUID	FULL zmuqnb4v-OST0002_UUID	FULL zmuqnb4v-OST0003_UUID	FULL ] io_err=[RW_FAIL ]
[2026-08-01T10:27:17Z] fio_procs=17 ost=[zmuqnb4v-OST0000_UUID	FULL zmuqnb4v-OST0001_UUID	FULL zmuqnb4v-OST0002_UUID	FULL zmuqnb4v-OST0003_UUID	FULL ] io_err=[RW_FAIL ]
[2026-08-01T10:27:37Z] fio_procs=17 ost=[zmuqnb4v-OST0000_UUID	FULL zmuqnb4v-OST0001_UUID	FULL zmuqnb4v-OST0002_UUID	FULL zmuqnb4v-OST0003_UUID	FULL ] io_err=[RW_FAIL ]
[2026-08-01T10:27:57Z] fio_procs=17 ost=[zmuqnb4v-OST0000_UUID	FULL zmuqnb4v-OST0001_UUID	FULL zmuqnb4v-OST0002_UUID	FULL zmuqnb4v-OST0003_UUID	FULL ] io_err=[RW_FAIL ]
[2026-08-01T10:28:17Z] fio_procs=17 ost=[zmuqnb4v-OST0000_UUID	FULL zmuqnb4v-OST0001_UUID	FULL zmuqnb4v-OST0002_UUID	FULL zmuqnb4v-OST0003_UUID	FULL ] io_err=[RW_FAIL ]
[2026-08-01T10:28:37Z] fio_procs=17 ost=[zmuqnb4v-OST0000_UUID	FULL zmuqnb4v-OST0001_UUID	FULL zmuqnb4v-OST0002_UUID	FULL zmuqnb4v-OST0003_UUID	FULL ] io_err=[RW_FAIL ]
[2026-08-01T10:28:57Z] fio_procs=0 ost=[zmuqnb4v-OST0000_UUID	FULL zmuqnb4v-OST0001_UUID	FULL zmuqnb4v-OST0002_UUID	FULL zmuqnb4v-OST0003_UUID	FULL ] io_err=[RW_FAIL ]
[2026-08-01T10:29:17Z] fio_procs=0 ost=[zmuqnb4v-OST0000_UUID	FULL zmuqnb4v-OST0001_UUID	FULL zmuqnb4v-OST0002_UUID	FULL zmuqnb4v-OST0003_UUID	FULL ] io_err=[RW_FAIL ]
[2026-08-01T10:29:37Z] fio_procs=17 ost=[zmuqnb4v-OST0000_UUID	FULL zmuqnb4v-OST0001_UUID	FULL zmuqnb4v-OST0002_UUID	FULL zmuqnb4v-OST0003_UUID	FULL ] io_err=[RW_FAIL ]
[2026-08-01T10:29:57Z] fio_procs=17 ost=[zmuqnb4v-OST0000_UUID	FULL zmuqnb4v-OST0001_UUID	FULL zmuqnb4v-OST0002_UUID	FULL zmuqnb4v-OST0003_UUID	FULL ] io_err=[RW_FAIL ]
[2026-08-01T10:30:17Z] fio_procs=17 ost=[zmuqnb4v-OST0000_UUID	FULL zmuqnb4v-OST0001_UUID	FULL zmuqnb4v-OST0002_UUID	FULL zmuqnb4v-OST0003_UUID	FULL ] io_err=[RW_FAIL ]
[2026-08-01T10:30:37Z] fio_procs=17 ost=[zmuqnb4v-OST0000_UUID	FULL zmuqnb4v-OST0001_UUID	FULL zmuqnb4v-OST0002_UUID	FULL zmuqnb4v-OST0003_UUID	FULL ] io_err=[RW_FAIL ]
[2026-08-01T10:30:57Z] fio_procs=17 ost=[zmuqnb4v-OST0000_UUID	FULL zmuqnb4v-OST0001_UUID	FULL zmuqnb4v-OST0002_UUID	FULL zmuqnb4v-OST0003_UUID	FULL ] io_err=[RW_FAIL ]
[2026-08-01T10:31:17Z] fio_procs=17 ost=[zmuqnb4v-OST0000_UUID	FULL zmuqnb4v-OST0001_UUID	FULL zmuqnb4v-OST0002_UUID	FULL zmuqnb4v-OST0003_UUID	FULL ] io_err=[RW_FAIL ]
[2026-08-01T10:31:37Z] fio_procs=17 ost=[zmuqnb4v-OST0000_UUID	FULL zmuqnb4v-OST0001_UUID	FULL zmuqnb4v-OST0002_UUID	FULL zmuqnb4v-OST0003_UUID	FULL ] io_err=[RW_FAIL ]
[2026-08-01T10:31:57Z] fio_procs=17 ost=[zmuqnb4v-OST0000_UUID	FULL zmuqnb4v-OST0001_UUID	FULL zmuqnb4v-OST0002_UUID	FULL zmuqnb4v-OST0003_UUID	FULL ] io_err=[RW_FAIL ]
[2026-08-01T10:32:17Z] fio_procs=17 ost=[zmuqnb4v-OST0000_UUID	FULL zmuqnb4v-OST0001_UUID	FULL zmuqnb4v-OST0002_UUID	FULL zmuqnb4v-OST0003_UUID	FULL ] io_err=[RW_FAIL ]
[2026-08-01T10:32:37Z] fio_procs=17 ost=[zmuqnb4v-OST0000_UUID	FULL zmuqnb4v-OST0001_UUID	FULL zmuqnb4v-OST0002_UUID	FULL zmuqnb4v-OST0003_UUID	FULL ] io_err=[RW_FAIL ]
[2026-08-01T10:32:57Z] fio_procs=17 ost=[zmuqnb4v-OST0000_UUID	FULL zmuqnb4v-OST0001_UUID	FULL zmuqnb4v-OST0002_UUID	FULL zmuqnb4v-OST0003_UUID	FULL ] io_err=[RW_FAIL ]
