+19s Life=UPDATING Cap=1200 Act=[FILE_SYSTEM_UPDATE:PENDING:None% | STORAGE_OPTIMIZATION:PENDING:None%]
+56s Life=UPDATING Cap=1200 Act=[FILE_SYSTEM_UPDATE:IN_PROGRESS:None% | STORAGE_OPTIMIZATION:PENDING:None%]
+92s Life=UPDATING Cap=1200 Act=[FILE_SYSTEM_UPDATE:IN_PROGRESS:None% | STORAGE_OPTIMIZATION:PENDING:None%]
+129s Life=UPDATING Cap=1200 Act=[FILE_SYSTEM_UPDATE:IN_PROGRESS:None% | STORAGE_OPTIMIZATION:PENDING:None%]
+166s Life=UPDATING Cap=1200 Act=[FILE_SYSTEM_UPDATE:IN_PROGRESS:None% | STORAGE_OPTIMIZATION:PENDING:None%]
+202s Life=UPDATING Cap=1200 Act=[FILE_SYSTEM_UPDATE:IN_PROGRESS:None% | STORAGE_OPTIMIZATION:PENDING:None%]
+239s Life=UPDATING Cap=1200 Act=[FILE_SYSTEM_UPDATE:IN_PROGRESS:None% | STORAGE_OPTIMIZATION:PENDING:None%]
+275s Life=UPDATING Cap=1200 Act=[FILE_SYSTEM_UPDATE:IN_PROGRESS:None% | STORAGE_OPTIMIZATION:PENDING:None%]
+312s Life=UPDATING Cap=1200 Act=[FILE_SYSTEM_UPDATE:IN_PROGRESS:None% | STORAGE_OPTIMIZATION:PENDING:None%]
+349s Life=UPDATING Cap=1200 Act=[FILE_SYSTEM_UPDATE:IN_PROGRESS:None% | STORAGE_OPTIMIZATION:PENDING:None%]
+385s Life=UPDATING Cap=1200 Act=[FILE_SYSTEM_UPDATE:IN_PROGRESS:None% | STORAGE_OPTIMIZATION:PENDING:None%]
+422s Life=UPDATING Cap=1200 Act=[FILE_SYSTEM_UPDATE:IN_PROGRESS:None% | STORAGE_OPTIMIZATION:PENDING:None%]
+458s Life=UPDATING Cap=1200 Act=[FILE_SYSTEM_UPDATE:IN_PROGRESS:None% | STORAGE_OPTIMIZATION:PENDING:None%]
+495s Life=UPDATING Cap=1200 Act=[FILE_SYSTEM_UPDATE:IN_PROGRESS:None% | STORAGE_OPTIMIZATION:PENDING:None%]
+532s Life=UPDATING Cap=1200 Act=[FILE_SYSTEM_UPDATE:IN_PROGRESS:None% | STORAGE_OPTIMIZATION:PENDING:None%]
+568s Life=UPDATING Cap=1200 Act=[FILE_SYSTEM_UPDATE:IN_PROGRESS:None% | STORAGE_OPTIMIZATION:PENDING:None%]
+605s Life=UPDATING Cap=1200 Act=[FILE_SYSTEM_UPDATE:IN_PROGRESS:None% | STORAGE_OPTIMIZATION:PENDING:None%]
+641s Life=UPDATING Cap=1200 Act=[FILE_SYSTEM_UPDATE:IN_PROGRESS:None% | STORAGE_OPTIMIZATION:PENDING:None%]
+678s Life=UPDATING Cap=1200 Act=[FILE_SYSTEM_UPDATE:IN_PROGRESS:None% | STORAGE_OPTIMIZATION:PENDING:None%]
+714s Life=UPDATING Cap=1200 Act=[FILE_SYSTEM_UPDATE:IN_PROGRESS:None% | STORAGE_OPTIMIZATION:PENDING:None%]
+751s Life=UPDATING Cap=1200 Act=[FILE_SYSTEM_UPDATE:IN_PROGRESS:None% | STORAGE_OPTIMIZATION:PENDING:None%]
+788s Life=UPDATING Cap=1200 Act=[FILE_SYSTEM_UPDATE:IN_PROGRESS:None% | STORAGE_OPTIMIZATION:PENDING:None%]
+824s Life=UPDATING Cap=1200 Act=[FILE_SYSTEM_UPDATE:IN_PROGRESS:None% | STORAGE_OPTIMIZATION:PENDING:None%]
+861s Life=UPDATING Cap=1200 Act=[FILE_SYSTEM_UPDATE:IN_PROGRESS:None% | STORAGE_OPTIMIZATION:PENDING:None%]
+897s Life=UPDATING Cap=1200 Act=[FILE_SYSTEM_UPDATE:IN_PROGRESS:None% | STORAGE_OPTIMIZATION:PENDING:None%]
+934s Life=UPDATING Cap=1200 Act=[FILE_SYSTEM_UPDATE:IN_PROGRESS:None% | STORAGE_OPTIMIZATION:PENDING:None%]
+971s Life=UPDATING Cap=1200 Act=[FILE_SYSTEM_UPDATE:IN_PROGRESS:None% | STORAGE_OPTIMIZATION:PENDING:None%]
+1007s Life=AVAILABLE Cap=2400 Act=[FILE_SYSTEM_UPDATE:UPDATED_OPTIMIZING:None% | STORAGE_OPTIMIZATION:IN_PROGRESS:0%]
+1044s Life=AVAILABLE Cap=2400 Act=[FILE_SYSTEM_UPDATE:UPDATED_OPTIMIZING:None% | STORAGE_OPTIMIZATION:IN_PROGRESS:0%]
+1080s Life=AVAILABLE Cap=2400 Act=[FILE_SYSTEM_UPDATE:UPDATED_OPTIMIZING:None% | STORAGE_OPTIMIZATION:IN_PROGRESS:0%]
+1117s Life=AVAILABLE Cap=2400 Act=[FILE_SYSTEM_UPDATE:UPDATED_OPTIMIZING:None% | STORAGE_OPTIMIZATION:IN_PROGRESS:2%]
+1154s Life=AVAILABLE Cap=2400 Act=[FILE_SYSTEM_UPDATE:UPDATED_OPTIMIZING:None% | STORAGE_OPTIMIZATION:IN_PROGRESS:2%]
+1190s Life=AVAILABLE Cap=2400 Act=[FILE_SYSTEM_UPDATE:UPDATED_OPTIMIZING:None% | STORAGE_OPTIMIZATION:IN_PROGRESS:6%]
+1227s Life=AVAILABLE Cap=2400 Act=[FILE_SYSTEM_UPDATE:UPDATED_OPTIMIZING:None% | STORAGE_OPTIMIZATION:IN_PROGRESS:6%]
+1263s Life=AVAILABLE Cap=2400 Act=[FILE_SYSTEM_UPDATE:UPDATED_OPTIMIZING:None% | STORAGE_OPTIMIZATION:IN_PROGRESS:15%]
+1300s Life=AVAILABLE Cap=2400 Act=[FILE_SYSTEM_UPDATE:UPDATED_OPTIMIZING:None% | STORAGE_OPTIMIZATION:IN_PROGRESS:15%]
+1336s Life=AVAILABLE Cap=2400 Act=[FILE_SYSTEM_UPDATE:UPDATED_OPTIMIZING:None% | STORAGE_OPTIMIZATION:IN_PROGRESS:19%]
+1373s Life=AVAILABLE Cap=2400 Act=[FILE_SYSTEM_UPDATE:UPDATED_OPTIMIZING:None% | STORAGE_OPTIMIZATION:IN_PROGRESS:19%]
+1410s Life=AVAILABLE Cap=2400 Act=[FILE_SYSTEM_UPDATE:UPDATED_OPTIMIZING:None% | STORAGE_OPTIMIZATION:IN_PROGRESS:19%]
+1446s Life=AVAILABLE Cap=2400 Act=[FILE_SYSTEM_UPDATE:UPDATED_OPTIMIZING:None% | STORAGE_OPTIMIZATION:IN_PROGRESS:23%]
+1483s Life=AVAILABLE Cap=2400 Act=[FILE_SYSTEM_UPDATE:UPDATED_OPTIMIZING:None% | STORAGE_OPTIMIZATION:IN_PROGRESS:23%]
+1519s Life=AVAILABLE Cap=2400 Act=[FILE_SYSTEM_UPDATE:UPDATED_OPTIMIZING:None% | STORAGE_OPTIMIZATION:IN_PROGRESS:32%]
+1556s Life=AVAILABLE Cap=2400 Act=[FILE_SYSTEM_UPDATE:UPDATED_OPTIMIZING:None% | STORAGE_OPTIMIZATION:IN_PROGRESS:32%]
+1592s Life=AVAILABLE Cap=2400 Act=[FILE_SYSTEM_UPDATE:UPDATED_OPTIMIZING:None% | STORAGE_OPTIMIZATION:IN_PROGRESS:32%]
+1629s Life=AVAILABLE Cap=2400 Act=[FILE_SYSTEM_UPDATE:UPDATED_OPTIMIZING:None% | STORAGE_OPTIMIZATION:IN_PROGRESS:32%]
+1666s Life=AVAILABLE Cap=2400 Act=[FILE_SYSTEM_UPDATE:UPDATED_OPTIMIZING:None% | STORAGE_OPTIMIZATION:IN_PROGRESS:32%]
+1702s Life=AVAILABLE Cap=2400 Act=[FILE_SYSTEM_UPDATE:UPDATED_OPTIMIZING:None% | STORAGE_OPTIMIZATION:IN_PROGRESS:32%]
+1739s Life=AVAILABLE Cap=2400 Act=[FILE_SYSTEM_UPDATE:UPDATED_OPTIMIZING:None% | STORAGE_OPTIMIZATION:IN_PROGRESS:32%]
+1775s Life=AVAILABLE Cap=2400 Act=[FILE_SYSTEM_UPDATE:UPDATED_OPTIMIZING:None% | STORAGE_OPTIMIZATION:IN_PROGRESS:54%]
+1812s Life=AVAILABLE Cap=2400 Act=[FILE_SYSTEM_UPDATE:UPDATED_OPTIMIZING:None% | STORAGE_OPTIMIZATION:IN_PROGRESS:56%]
+1849s Life=AVAILABLE Cap=2400 Act=[FILE_SYSTEM_UPDATE:UPDATED_OPTIMIZING:None% | STORAGE_OPTIMIZATION:IN_PROGRESS:56%]
+1885s Life=AVAILABLE Cap=2400 Act=[FILE_SYSTEM_UPDATE:UPDATED_OPTIMIZING:None% | STORAGE_OPTIMIZATION:IN_PROGRESS:58%]
+1922s Life=AVAILABLE Cap=2400 Act=[FILE_SYSTEM_UPDATE:UPDATED_OPTIMIZING:None% | STORAGE_OPTIMIZATION:IN_PROGRESS:60%]
+1958s Life=AVAILABLE Cap=2400 Act=[FILE_SYSTEM_UPDATE:UPDATED_OPTIMIZING:None% | STORAGE_OPTIMIZATION:IN_PROGRESS:63%]
+1995s Life=AVAILABLE Cap=2400 Act=[FILE_SYSTEM_UPDATE:UPDATED_OPTIMIZING:None% | STORAGE_OPTIMIZATION:IN_PROGRESS:63%]
+2032s Life=AVAILABLE Cap=2400 Act=[FILE_SYSTEM_UPDATE:UPDATED_OPTIMIZING:None% | STORAGE_OPTIMIZATION:IN_PROGRESS:69%]
+2068s Life=AVAILABLE Cap=2400 Act=[FILE_SYSTEM_UPDATE:UPDATED_OPTIMIZING:None% | STORAGE_OPTIMIZATION:IN_PROGRESS:69%]
+2105s Life=AVAILABLE Cap=2400 Act=[FILE_SYSTEM_UPDATE:UPDATED_OPTIMIZING:None% | STORAGE_OPTIMIZATION:IN_PROGRESS:69%]
+2141s Life=AVAILABLE Cap=2400 Act=[FILE_SYSTEM_UPDATE:UPDATED_OPTIMIZING:None% | STORAGE_OPTIMIZATION:IN_PROGRESS:69%]
+2178s Life=AVAILABLE Cap=2400 Act=[FILE_SYSTEM_UPDATE:UPDATED_OPTIMIZING:None% | STORAGE_OPTIMIZATION:IN_PROGRESS:69%]
+2215s Life=AVAILABLE Cap=2400 Act=[FILE_SYSTEM_UPDATE:UPDATED_OPTIMIZING:None% | STORAGE_OPTIMIZATION:IN_PROGRESS:69%]
+2251s Life=AVAILABLE Cap=2400 Act=[FILE_SYSTEM_UPDATE:UPDATED_OPTIMIZING:None% | STORAGE_OPTIMIZATION:IN_PROGRESS:73%]
+2288s Life=AVAILABLE Cap=2400 Act=[FILE_SYSTEM_UPDATE:UPDATED_OPTIMIZING:None% | STORAGE_OPTIMIZATION:IN_PROGRESS:73%]
+2324s Life=AVAILABLE Cap=2400 Act=[FILE_SYSTEM_UPDATE:UPDATED_OPTIMIZING:None% | STORAGE_OPTIMIZATION:IN_PROGRESS:73%]
+2361s Life=AVAILABLE Cap=2400 Act=[FILE_SYSTEM_UPDATE:UPDATED_OPTIMIZING:None% | STORAGE_OPTIMIZATION:IN_PROGRESS:78%]
+2397s Life=AVAILABLE Cap=2400 Act=[FILE_SYSTEM_UPDATE:UPDATED_OPTIMIZING:None% | STORAGE_OPTIMIZATION:IN_PROGRESS:78%]
+2434s Life=AVAILABLE Cap=2400 Act=[FILE_SYSTEM_UPDATE:UPDATED_OPTIMIZING:None% | STORAGE_OPTIMIZATION:IN_PROGRESS:78%]
+2471s Life=AVAILABLE Cap=2400 Act=[FILE_SYSTEM_UPDATE:UPDATED_OPTIMIZING:None% | STORAGE_OPTIMIZATION:IN_PROGRESS:78%]
+2507s Life=AVAILABLE Cap=2400 Act=[FILE_SYSTEM_UPDATE:UPDATED_OPTIMIZING:None% | STORAGE_OPTIMIZATION:IN_PROGRESS:78%]
+2544s Life=AVAILABLE Cap=2400 Act=[FILE_SYSTEM_UPDATE:UPDATED_OPTIMIZING:None% | STORAGE_OPTIMIZATION:IN_PROGRESS:99%]
+2580s Life=AVAILABLE Cap=2400 Act=[FILE_SYSTEM_UPDATE:UPDATED_OPTIMIZING:None% | STORAGE_OPTIMIZATION:IN_PROGRESS:99%]
+2617s Life=AVAILABLE Cap=2400 Act=[FILE_SYSTEM_UPDATE:UPDATED_OPTIMIZING:None% | STORAGE_OPTIMIZATION:IN_PROGRESS:99%]
+2653s Life=AVAILABLE Cap=2400 Act=[FILE_SYSTEM_UPDATE:UPDATED_OPTIMIZING:None% | STORAGE_OPTIMIZATION:IN_PROGRESS:99%]
+2690s Life=AVAILABLE Cap=2400 Act=[FILE_SYSTEM_UPDATE:UPDATED_OPTIMIZING:None% | STORAGE_OPTIMIZATION:IN_PROGRESS:99%]
+2727s Life=AVAILABLE Cap=2400 Act=[FILE_SYSTEM_UPDATE:UPDATED_OPTIMIZING:None% | STORAGE_OPTIMIZATION:IN_PROGRESS:99%]
+2763s Life=AVAILABLE Cap=2400 Act=[FILE_SYSTEM_UPDATE:COMPLETED:None%]
=== STORAGE_OPTIMIZATION finished (or gone) at +2763s ===
