[04:06:32] +1042s OPT=[
    {
        "S": "IN_PROGRESS",
        "P": 2
    }
]
[04:07:33] +1104s OPT=[
    {
        "S": "IN_PROGRESS",
        "P": 7
    }
]
[04:08:35] +1165s OPT=[
    {
        "S": "IN_PROGRESS",
        "P": 10
    }
]
[04:09:37] +1227s OPT=[
    {
        "S": "IN_PROGRESS",
        "P": 20
    }
]
[04:10:38] +1289s OPT=[
    {
        "S": "IN_PROGRESS",
        "P": 20
    }
]
[04:11:40] +1350s OPT=[
    {
        "S": "IN_PROGRESS",
        "P": 20
    }
]
[04:12:41] +1412s OPT=[
    {
        "S": "IN_PROGRESS",
        "P": 20
    }
]
[04:13:43] +1473s OPT=[
    {
        "S": "IN_PROGRESS",
        "P": 22
    }
]
[04:14:44] +1535s OPT=[
    {
        "S": "IN_PROGRESS",
        "P": 22
    }
]
[04:15:46] +1597s OPT=[
    {
        "S": "IN_PROGRESS",
        "P": 22
    }
]
[04:16:48] +1658s OPT=[
    {
        "S": "IN_PROGRESS",
        "P": 22
    }
]
[04:17:49] +1720s OPT=[
    {
        "S": "IN_PROGRESS",
        "P": 45
    }
]
[04:18:51] +1781s OPT=[
    {
        "S": "IN_PROGRESS",
        "P": 47
    }
]
[04:19:52] +1843s OPT=[
    {
        "S": "IN_PROGRESS",
        "P": 60
    }
]
[04:20:54] +1905s OPT=[
    {
        "S": "IN_PROGRESS",
        "P": 62
    }
]
[04:21:56] +1966s OPT=[
    {
        "S": "IN_PROGRESS",
        "P": 65
    }
]
[04:22:57] +2028s OPT=[
    {
        "S": "IN_PROGRESS",
        "P": 77
    }
]
[04:23:59] +2089s OPT=[
    {
        "S": "IN_PROGRESS",
        "P": 99
    }
]
[04:25:00] +2151s OPT=[
    {
        "S": "IN_PROGRESS",
        "P": 99
    }
]
[04:26:02] +2212s OPT=[
    {
        "S": "IN_PROGRESS",
        "P": 99
    }
]
[04:27:03] +2274s OPT=[
    {
        "S": "IN_PROGRESS",
        "P": 99
    }
]
[04:28:05] +2336s OPT=[]
